2026-10-04 13:43:24,530 - INFO - Creating directory: Config/npvt
2026-10-04 13:43:24,531 - DEBUG - Using selector: EpollSelector
2026-10-04 13:43:24,531 - INFO - Starting config+proxy collection process
2026-10-04 13:43:24,531 - INFO - Loaded 8 channels from telegram_channels.json
2026-10-04 13:43:24,532 - INFO - Connecting to 149.154.167.91:443/TcpFull...
2026-10-04 13:43:24,532 - DEBUG - Connection attempt 1...
2026-10-04 13:43:24,637 - DEBUG - Connection success!
2026-10-04 13:43:24,637 - DEBUG - Starting send loop
2026-10-04 13:43:24,637 - DEBUG - Starting receive loop
2026-10-04 13:43:24,637 - INFO - Connection to 149.154.167.91:443/TcpFull complete!
2026-10-04 13:43:24,638 - DEBUG - Waiting for messages to send...
2026-10-04 13:43:24,638 - DEBUG - Assigned msg_id = 7692807855898045180 to InvokeWithLayerRequest (7f9287c98dc0)
2026-10-04 13:43:24,638 - DEBUG - Encrypting 1 message(s) in 80 bytes for sending
2026-10-04 13:43:24,638 - DEBUG - Encrypted messages put in a queue to be sent
2026-10-04 13:43:24,638 - DEBUG - Waiting for messages to send...
2026-10-04 13:43:24,638 - DEBUG - Receiving items from the network...
2026-10-04 13:43:24,744 - DEBUG - Handling bad salt for message 7692807855898045180
2026-10-04 13:43:24,744 - DEBUG - 1 message(s) will be resent
2026-10-04 13:43:24,744 - DEBUG - Receiving items from the network...
2026-10-04 13:43:24,744 - DEBUG - Assigned msg_id = 7692807856325219748 to InvokeWithLayerRequest (7f9287c98dc0)
2026-10-04 13:43:24,744 - DEBUG - Encrypting 1 message(s) in 80 bytes for sending
2026-10-04 13:43:24,745 - DEBUG - Encrypted messages put in a queue to be sent
2026-10-04 13:43:24,745 - DEBUG - Waiting for messages to send...
2026-10-04 13:43:24,745 - DEBUG - Assigned msg_id = 7692807856325959800 to MsgsAck (7f92881dafe0)
2026-10-04 13:43:24,745 - DEBUG - Encrypting 1 message(s) in 36 bytes for sending
2026-10-04 13:43:24,745 - DEBUG - Encrypted messages put in a queue to be sent
2026-10-04 13:43:24,745 - DEBUG - Waiting for messages to send...
2026-10-04 13:43:24,850 - DEBUG - Handling container
2026-10-04 13:43:24,850 - DEBUG - Handling new session created
2026-10-04 13:43:24,850 - DEBUG - Handling acknowledge for [7692807856325219748]
2026-10-04 13:43:24,850 - DEBUG - Receiving items from the network...
2026-10-04 13:43:24,861 - DEBUG - Handling RPC result for message 7692807856325219748
2026-10-04 13:43:24,861 - DEBUG - Receiving items from the network...
2026-10-04 13:43:24,861 - DEBUG - Assigned msg_id = 7692807856792281744 to GetUsersRequest (7f9287c995a0)
2026-10-04 13:43:24,861 - DEBUG - Encrypting 1 message(s) in 32 bytes for sending
2026-10-04 13:43:24,861 - DEBUG - Encrypted messages put in a queue to be sent
2026-10-04 13:43:24,861 - DEBUG - Waiting for messages to send...
2026-10-04 13:43:24,861 - DEBUG - Assigned msg_id = 7692807856793059940 to MsgsAck (7f9287c99810)
2026-10-04 13:43:24,861 - DEBUG - Encrypting 1 message(s) in 60 bytes for sending
2026-10-04 13:43:24,862 - DEBUG - Encrypted messages put in a queue to be sent
2026-10-04 13:43:24,862 - DEBUG - Waiting for messages to send...
2026-10-04 13:43:24,973 - DEBUG - Handling RPC result for message 7692807856792281744
2026-10-04 13:43:24,973 - DEBUG - Receiving items from the network...
2026-10-04 13:43:24,973 - DEBUG - Assigned msg_id = 7692807857238788244 to MsgsAck (7f9287c99600)
2026-10-04 13:43:24,973 - DEBUG - Encrypting 1 message(s) in 36 bytes for sending
2026-10-04 13:43:24,973 - DEBUG - Encrypted messages put in a queue to be sent
2026-10-04 13:43:24,973 - DEBUG - Waiting for messages to send...
2026-10-04 13:43:24,973 - DEBUG - Assigned msg_id = 7692807857239461536 to MsgsAck (7f9287c990f0)
2026-10-04 13:43:24,973 - DEBUG - Encrypting 1 message(s) in 36 bytes for sending
2026-10-04 13:43:24,973 - DEBUG - Encrypted messages put in a queue to be sent
2026-10-04 13:43:24,973 - DEBUG - Waiting for messages to send...
2026-10-04 13:43:24,973 - DEBUG - Assigned msg_id = 7692807857241452808 to GetUsersRequest (7f9287c99480)
2026-10-04 13:43:24,973 - DEBUG - Encrypting 1 message(s) in 32 bytes for sending
2026-10-04 13:43:24,974 - DEBUG - Encrypted messages put in a queue to be sent
2026-10-04 13:43:24,974 - DEBUG - Waiting for messages to send...
2026-10-04 13:43:25,086 - DEBUG - Handling RPC result for message 7692807857241452808
2026-10-04 13:43:25,086 - DEBUG - Receiving items from the network...
2026-10-04 13:43:25,086 - DEBUG - Assigned msg_id = 7692807857986409424 to MsgsAck (7f9287c99750)
2026-10-04 13:43:25,086 - DEBUG - Encrypting 1 message(s) in 36 bytes for sending
2026-10-04 13:43:25,086 - DEBUG - Encrypted messages put in a queue to be sent
2026-10-04 13:43:25,086 - DEBUG - Waiting for messages to send...
2026-10-04 13:43:25,086 - DEBUG - Assigned msg_id = 7692807857987269640 to MsgsAck (7f9287c993f0)
2026-10-04 13:43:25,086 - DEBUG - Encrypting 1 message(s) in 36 bytes for sending
2026-10-04 13:43:25,086 - ERROR - Error in main loop: EOF when reading a line
